 MySQL  localhost:33060+ ssl  SQL > show databases;
+--------------------+
| Database           |
+--------------------+
| information_schema |
| mysql              |
| performance_schema |
| setup              |
| sys                |
+--------------------+
5 rows in set (0.0014 sec)
 MySQL  localhost:33060+ ssl  SQL > use setup
Default schema set to `setup`.
Fetching table and column names from `setup` for auto-completion... Press ^C to stop.
 MySQL  localhost:33060+ ssl  setup  SQL > show tables;
+---------------------+
| Tables_in_setup     |
+---------------------+
| Articles            |
| Books               |
| Chapters            |
| ConsistOf           |
| ContainArticle      |
| Distributors        |
| Edit                |
| HasTopic            |
| Issue               |
| MakeOrder           |
| Orders              |
| PeriodicPublication |
| Publications        |
| Staff               |
| Topics              |
| WriteArticle        |
| WriteBook           |
+---------------------+
17 rows in set (0.0025 sec)
 MySQL  localhost:33060+ ssl  setup  SQL > exit
                                        -> ;
ERROR: 1064: You have an error in your SQL syntax; check the manual that corresponds to your MySQL server version for the right syntax to use near 'exit' at line 1
 MySQL  localhost:33060+ ssl  setup  SQL > 
Bye!
(base) ryedida@Rahuls-MacBook-Pro Project % mysqlsh -u root --sql
MySQL Shell 8.0.18

Copyright (c) 2016, 2019, Oracle and/or its affiliates. All rights reserved.
Oracle is a registered trademark of Oracle Corporation and/or its affiliates.
Other names may be trademarks of their respective owners.

Type '\help' or '\?' for help; '\quit' to exit.
Creating a session to 'root@localhost'
Fetching schema names for autocompletion... Press ^C to stop.
Your MySQL connection id is 16 (X protocol)
Server version: 8.0.19 MySQL Community Server - GPL
No default schema selected; type \use <schema> to set one.
 MySQL  localhost:33060+ ssl  SQL > use setup;
Default schema set to `setup`.
Fetching table and column names from `setup` for auto-completion... Press ^C to stop.
 MySQL  localhost:33060+ ssl  setup  SQL > show tables;
+---------------------+
| Tables_in_setup     |
+---------------------+
| Articles            |
| Books               |
| Chapters            |
| ConsistOf           |
| ContainArticle      |
| Distributors        |
| Edit                |
| HasTopic            |
| Issue               |
| MakeOrder           |
| Orders              |
| PeriodicPublication |
| Publications        |
| Staff               |
| Topics              |
| WriteArticle        |
| WriteBook           |
+---------------------+
17 rows in set (0.0024 sec)
 MySQL  localhost:33060+ ssl  setup  SQL > select * from Publications
                                        -> ;
+-----+-----------------------------------------------+----------+------------+---------------------------------------------------------------------------------------+-------+
| pid | title                                         | ptype    | dop        | url                                                                                   | price |
+-----+-----------------------------------------------+----------+------------+---------------------------------------------------------------------------------------+-------+
|   1 | Knowledge Engineering and Semantic Web        | book     | 2017-11-08 | https://www.springer.com/gp/book/9783319695471                                        | 37.12 |
|   2 | SERVO                                         | magazine | 2019-09-18 | https://www.servomagazine.com/                                                        | 17.09 |
|   3 | Journal of Computer Science & Systems Biology | journal  | 2016-10-01 | https://www.omicsonline.org/computer-science-systems-biology.php                      | 27.99 |
|   4 | Insights in Biomedicine                       | journal  | 2018-12-21 | https://biomedicine.imedpub.com/                                                      | 46.69 |
|   5 | Database Design for Mere Mortals              | book     | 2014-09-05 | https://www.goodreads.com/book/show/150062.Database_Design_for_Mere_Mortals           | 18.78 |
|   6 | Nature Communications                         | journal  | 2016-04-20 | https://www.nature.com/ncomms/                                                        | 25.21 |
|   7 | Earth Interactions                            | journal  | 2015-10-08 | https://journals.ametsoc.org/toc/eint/19/12                                           | 16.98 |
|   8 | Birds and Blooms                              | magazine | 2019-07-20 | https://www.magazine.store/birds-and-blooms/                                          | 26.19 |
|   9 | Make Your Own Neural Network                  | book     | 2016-03-31 | https://www.barnesandnoble.com/w/make-your-own-neural-network-tariq-rashid/1123691651 | 15.91 |
|  10 | Remote: Office Not Required                   | book     | 2014-10-17 | https://www.goodreads.com/book/show/17316682-remote                                   | 18.99 |
|  11 | Bioinformatics and Functional Genomics        | book     | 2014-08-15 | http://www.bioinfbook.org/php/?q=node/156                                             | 35.09 |
|  12 | Food for Today                                | book     | 2014-11-09 | https://app.oncoursesystems.com/school/webpage/11515833/1490563                       | 30.08 |
+-----+-----------------------------------------------+----------+------------+---------------------------------------------------------------------------------------+-------+
12 rows in set (0.0010 sec)
 MySQL  localhost:33060+ ssl  setup  SQL > select * from PeriodicPublication;
+-----+-------------+----------+
| pid | periodicity | pptype   |
+-----+-------------+----------+
|   2 |           2 | journal  |
|   3 |           1 | magazine |
|   4 |           2 | journal  |
|   6 |           3 | journal  |
|   7 |           6 | journal  |
|   8 |           3 | magazine |
+-----+-------------+----------+
6 rows in set (0.0007 sec)
 MySQL  localhost:33060+ ssl  setup  SQL > UPDATE Publications
                                        -> SET title/price/ptype/url = ...
                                        -> WHERE url;^C
 MySQL  localhost:33060+ ssl  setup  SQL > 
 MySQL  localhost:33060+ ssl  setup  SQL > 
 MySQL  localhost:33060+ ssl  setup  SQL > ;
ERROR: 1065: Query was empty
 MySQL  localhost:33060+ ssl  setup  SQL > UPDATE Publications
                                        -> SET price = 37.00
                                        -> WHERE url = "https://www.springer.com/gp/book/9783319695471";
Query OK, 1 row affected (0.0037 sec)

Rows matched: 1  Changed: 1  Warnings: 0
 MySQL  localhost:33060+ ssl  setup  SQL > UPDATE PeriodicPublication
                                        -> SET pptype = "magazine"
                                        -> WHERE pid = (
                                        ->     SELECT pid
                                        ->     FROM Publications
                                        ->     WHERE url = "https://journals.ametsoc.org/toc/eint/19/12"
                                        -> );
Query OK, 1 row affected (0.0018 sec)

Rows matched: 1  Changed: 1  Warnings: 0
 MySQL  localhost:33060+ ssl  setup  SQL > UPDATE Publications
                                        -> SET ptype = "magazine"
                                        -> WHERE url = "https://journals.ametsoc.org/toc/eint/19/12";
Query OK, 1 row affected (0.0021 sec)

Rows matched: 1  Changed: 1  Warnings: 0
 MySQL  localhost:33060+ ssl  setup  SQL > SELECT * FROM Books;
+-----+--------------------+---------+
| pid | ISBN               | edition |
+-----+--------------------+---------+
|   1 | 89-15-28-237106-32 |       2 |
|   5 | 08-25-287-94201-91 |       1 |
|   9 | 92-14-123-89175-05 |       3 |
|  10 | 978-3-319-69548-8  |       1 |
|  11 | 23-92-597-21149-76 |       3 |
|  12 | 18-48-2-86528-09   |       2 |
+-----+--------------------+---------+
6 rows in set (0.0009 sec)
 MySQL  localhost:33060+ ssl  setup  SQL > SELECT * FROM HasTopic;
+-----+------------------+
| pid | topic            |
+-----+------------------+
|   1 | computer science |
|   2 | robotics         |
|   3 | computer science |
|   4 | medicine         |
|   5 | database         |
|   6 | discovery        |
|   7 | nature           |
|   8 | nature           |
|   9 | computer science |
|  10 | psychology       |
|  11 | medicine         |
|  12 | food             |
+-----+------------------+
12 rows in set (0.0009 sec)
 MySQL  localhost:33060+ ssl  setup  SQL > DESC HasTopic
                                        -> ;
+-------+-------------+------+-----+---------+-------+
| Field | Type        | Null | Key | Default | Extra |
+-------+-------------+------+-----+---------+-------+
| pid   | int         | YES  | MUL | NULL    |       |
| topic | varchar(50) | YES  | MUL | NULL    |       |
+-------+-------------+------+-----+---------+-------+
2 rows in set (0.0018 sec)
 MySQL  localhost:33060+ ssl  setup  SQL > DELETE FROM HasTopic
                                        -> WHERE topic = "nature"
                                        -> AND pid = (
                                        ->     SELECT pid
                                        ->     FROM Publications
                                        ->     WHERE url = "https://www.magazine.store/birds-and-blooms/"
                                        -> );
Query OK, 1 row affected (0.0025 sec)
 MySQL  localhost:33060+ ssl  setup  SQL > 
 MySQL  localhost:33060+ ssl  setup  SQL > 
 MySQL  localhost:33060+ ssl  setup  SQL > 
 MySQL  localhost:33060+ ssl  setup  SQL > 
 MySQL  localhost:33060+ ssl  setup  SQL > SELECT * FROM Topics;
+------------------+
| topic            |
+------------------+
| animals          |
| computer science |
| database         |
| discovery        |
| food             |
| medicine         |
| music            |
| nature           |
| psychology       |
| robotics         |
| sport            |
+------------------+
11 rows in set (0.0009 sec)
 MySQL  localhost:33060+ ssl  setup  SQL > INSERT INTO Topics VALUES ("remove me");
Query OK, 1 row affected (0.0017 sec)
 MySQL  localhost:33060+ ssl  setup  SQL > DELETE FROM Topics
                                        -> WHERE topic = "remove me";
Query OK, 1 row affected (0.0024 sec)
 MySQL  localhost:33060+ ssl  setup  SQL > SELECT * FROM Issues;
ERROR: 1146: Table 'setup.issues' doesn't exist
 MySQL  localhost:33060+ ssl  setup  SQL > SELECT * FROM Issue;
+-----+-----+
| pid | ino |
+-----+-----+
|   2 |   4 |
|   3 |  10 |
|   4 |   6 |
|   6 |   2 |
|   7 |   2 |
|   8 |   3 |
+-----+-----+
6 rows in set (0.0009 sec)
 MySQL  localhost:33060+ ssl  setup  SQL > 
 MySQL  localhost:33060+ ssl  setup  SQL > 
 MySQL  localhost:33060+ ssl  setup  SQL > 
 MySQL  localhost:33060+ ssl  setup  SQL > 
 MySQL  localhost:33060+ ssl  setup  SQL > SELECT * FROM Edits;
ERROR: 1146: Table 'setup.edits' doesn't exist
 MySQL  localhost:33060+ ssl  setup  SQL > SELECT * FROM Edit;
+-----+-----+------------+
| pid | sid | sdate      |
+-----+-----+------------+
|   2 |  10 | 2015-08-12 |
|   1 |   5 | 2016-08-20 |
|   4 |   2 | 2014-05-15 |
|  11 |   6 | 2014-05-15 |
|   6 |   5 | 2016-08-20 |
|   3 |   2 | 2014-05-15 |
|   5 |   2 | 2014-05-15 |
|   7 |  10 | 2015-08-12 |
|   8 |   5 | 2016-08-20 |
|   9 |  10 | 2015-08-12 |
|  10 |   2 | 2014-05-15 |
|  12 |   2 | 2014-05-15 |
+-----+-----+------------+
12 rows in set (0.0005 sec)
 MySQL  localhost:33060+ ssl  setup  SQL > SELECT * FROM Staff;
+-----+------------------+--------+------------+-------------+------------+--------+--------------+------+
| sid | sname            | stype  | sdate      | periodicity | dob        | gender | phone        | pay  |
+-----+------------------+--------+------------+-------------+------------+--------+--------------+------+
|   1 | Chris Harrington | author | 2014-05-15 |          14 | 1983-12-19 | male   | 909-586-6774 |  250 |
|   2 | Pryanka Dittan   | editor | 2014-05-15 |          14 | 1981-04-09 | female | 919-436-1287 |  280 |
|   3 | Rita Malavino    | author | 2015-11-27 |          -1 | 1990-10-21 | female | 915-897-1653 |  500 |
|   4 | Yun Tao          | author | 2019-01-29 |          28 | 1991-02-20 | male   | 833-572-0648 | 4930 |
|   5 | Robert Arwinski  | editor | 2016-08-20 |          14 | 1968-07-17 | male   | 917-874-0271 |  285 |
|   6 | Gandalf Gray     | editor | 2014-05-15 |          -1 | 1972-07-09 | male   | 905-963-0279 |  654 |
|   7 | Bilbo Baggins    | author | 2018-02-24 |          28 | 1981-11-21 | male   | 909-578-9264 |  490 |
|   8 | Arwen Undomiel   | author | 2016-09-01 |          -1 | 1976-03-05 | female | 895-565-8016 |  500 |
|   9 | Samwise Gamgee   | author | 2014-11-22 |          28 | 1984-08-01 | male   | 881-654-9072 |  520 |
|  10 | Pippin Took      | editor | 2015-08-12 |          14 | 1980-01-12 | male   | 792-548-0165 |  280 |
|  11 | Ryan Kipling     | author | 2014-06-10 |          14 | 1977-01-11 | male   | 342-549-1835 |  265 |
+-----+------------------+--------+------------+-------------+------------+--------+--------------+------+
11 rows in set (0.0020 sec)
 MySQL  localhost:33060+ ssl  setup  SQL > 
 MySQL  localhost:33060+ ssl  setup  SQL > 
 MySQL  localhost:33060+ ssl  setup  SQL > ALTER TABLE Edit
                                        -> DROP COLUMN sdate;
ERROR: 1828: Cannot drop column 'sdate': needed in a foreign key constraint 'edit_ibfk_2'
 MySQL  localhost:33060+ ssl  setup  SQL > 
 MySQL  localhost:33060+ ssl  setup  SQL > 
 MySQL  localhost:33060+ ssl  setup  SQL > ALTER TABLE Edit
                                        -> DROP CONSTRAINT 'edit_ibfk_2';
ERROR: 1064: You have an error in your SQL syntax; check the manual that corresponds to your MySQL server version for the right syntax to use near ''edit_ibfk_2'' at line 2
 MySQL  localhost:33060+ ssl  setup  SQL > ALTER TABLE Edit DROP FOREIGN KEY 'edit_ibfk_2';
ERROR: 1064: You have an error in your SQL syntax; check the manual that corresponds to your MySQL server version for the right syntax to use near ''edit_ibfk_2'' at line 1
 MySQL  localhost:33060+ ssl  setup  SQL > ALTER TABLE Edit DROP FOREIGN KEY "edit_ibfk_2";
ERROR: 1064: You have an error in your SQL syntax; check the manual that corresponds to your MySQL server version for the right syntax to use near '"edit_ibfk_2"' at line 1
 MySQL  localhost:33060+ ssl  setup  SQL > ALTER TABLE Edit DROP FOREIGN KEY sdate;
ERROR: 1091: Can't DROP 'sdate'; check that column/key exists
 MySQL  localhost:33060+ ssl  setup  SQL > DESC Edit;
+-------+------+------+-----+---------+-------+
| Field | Type | Null | Key | Default | Extra |
+-------+------+------+-----+---------+-------+
| pid   | int  | YES  | MUL | NULL    |       |
| sid   | int  | YES  | MUL | NULL    |       |
| sdate | date | YES  |     | NULL    |       |
+-------+------+------+-----+---------+-------+
3 rows in set (0.0027 sec)
 MySQL  localhost:33060+ ssl  setup  SQL > ALTER TABLE Edit DROP COLUMN sdate;
ERROR: 1828: Cannot drop column 'sdate': needed in a foreign key constraint 'edit_ibfk_2'
 MySQL  localhost:33060+ ssl  setup  SQL > 
 MySQL  localhost:33060+ ssl  setup  SQL > 
 MySQL  localhost:33060+ ssl  setup  SQL > 
 MySQL  localhost:33060+ ssl  setup  SQL > SELECT * FROM Edit;
+-----+-----+------------+
| pid | sid | sdate      |
+-----+-----+------------+
|   2 |  10 | 2015-08-12 |
|   1 |   5 | 2016-08-20 |
|   4 |   2 | 2014-05-15 |
|  11 |   6 | 2014-05-15 |
|   6 |   5 | 2016-08-20 |
|   3 |   2 | 2014-05-15 |
|   5 |   2 | 2014-05-15 |
|   7 |  10 | 2015-08-12 |
|   8 |   5 | 2016-08-20 |
|   9 |  10 | 2015-08-12 |
|  10 |   2 | 2014-05-15 |
|  12 |   2 | 2014-05-15 |
+-----+-----+------------+
12 rows in set (0.0008 sec)
 MySQL  localhost:33060+ ssl  setup  SQL > SELECT P.title, P.type, P.dop, P.url, P.price
                                        -> FROM Publications P
                                        -> NATURAL JOIN Edits E
                                        -> WHERE E.sid = (
                                        ->     SELECT sid
                                        ->     FROM Staff
                                        ->     WHERE phone = "905-963-0279"
                                        -> );
ERROR: 1146: Table 'setup.edits' doesn't exist
 MySQL  localhost:33060+ ssl  setup  SQL > 
 MySQL  localhost:33060+ ssl  setup  SQL > 
 MySQL  localhost:33060+ ssl  setup  SQL > 
 MySQL  localhost:33060+ ssl  setup  SQL > SELECT P.title, P.type, P.dop, P.url, P.price
                                        -> FROM Publications P
                                        -> NATURAL JOIN Edit E
                                        -> WHERE E.sid = (
                                        ->     SELECT sid
                                        ->     FROM Staff
                                        ->     WHERE phone = "905-963-0279
                                        -> ");
ERROR: 1054: Unknown column 'P.type' in 'field list'
 MySQL  localhost:33060+ ssl  setup  SQL > 
 MySQL  localhost:33060+ ssl  setup  SQL > 
 MySQL  localhost:33060+ ssl  setup  SQL > 
 MySQL  localhost:33060+ ssl  setup  SQL > 
 MySQL  localhost:33060+ ssl  setup  SQL > 
 MySQL  localhost:33060+ ssl  setup  SQL > SELECT P.title, P.ptype, P.dop, P.url, P.price
                                        -> FROM Publications P
                                        -> NATURAL JOIN Edit E
                                        -> WHERE E.sid = (
                                        ->     SELECT sid
                                        ->     FROM Staff
                                        ->     WHERE phone = "905-963-0279"
                                        -> );
+----------------------------------------+-------+------------+-------------------------------------------+-------+
| title                                  | ptype | dop        | url                                       | price |
+----------------------------------------+-------+------------+-------------------------------------------+-------+
| Bioinformatics and Functional Genomics | book  | 2014-08-15 | http://www.bioinfbook.org/php/?q=node/156 | 35.09 |
+----------------------------------------+-------+------------+-------------------------------------------+-------+
1 row in set (0.0012 sec)
 MySQL  localhost:33060+ ssl  setup  SQL > SELECT * FROM Books;
+-----+--------------------+---------+
| pid | ISBN               | edition |
+-----+--------------------+---------+
|   1 | 89-15-28-237106-32 |       2 |
|   5 | 08-25-287-94201-91 |       1 |
|   9 | 92-14-123-89175-05 |       3 |
|  10 | 978-3-319-69548-8  |       1 |
|  11 | 23-92-597-21149-76 |       3 |
|  12 | 18-48-2-86528-09   |       2 |
+-----+--------------------+---------+
6 rows in set (0.0919 sec)
 MySQL  localhost:33060+ ssl  setup  SQL > SELECT * FROM Publications
                                        -> l
                                        -> ^C
 MySQL  localhost:33060+ ssl  setup  SQL > SELECT * FROM Publications;
+-----+-----------------------------------------------+----------+------------+---------------------------------------------------------------------------------------+-------+
| pid | title                                         | ptype    | dop        | url                                                                                   | price |
+-----+-----------------------------------------------+----------+------------+---------------------------------------------------------------------------------------+-------+
|   1 | Knowledge Engineering and Semantic Web        | book     | 2017-11-08 | https://www.springer.com/gp/book/9783319695471                                        |    37 |
|   2 | SERVO                                         | magazine | 2019-09-18 | https://www.servomagazine.com/                                                        | 17.09 |
|   3 | Journal of Computer Science & Systems Biology | journal  | 2016-10-01 | https://www.omicsonline.org/computer-science-systems-biology.php                      | 27.99 |
|   4 | Insights in Biomedicine                       | journal  | 2018-12-21 | https://biomedicine.imedpub.com/                                                      | 46.69 |
|   5 | Database Design for Mere Mortals              | book     | 2014-09-05 | https://www.goodreads.com/book/show/150062.Database_Design_for_Mere_Mortals           | 18.78 |
|   6 | Nature Communications                         | journal  | 2016-04-20 | https://www.nature.com/ncomms/                                                        | 25.21 |
|   7 | Earth Interactions                            | magazine | 2015-10-08 | https://journals.ametsoc.org/toc/eint/19/12                                           | 16.98 |
|   8 | Birds and Blooms                              | magazine | 2019-07-20 | https://www.magazine.store/birds-and-blooms/                                          | 26.19 |
|   9 | Make Your Own Neural Network                  | book     | 2016-03-31 | https://www.barnesandnoble.com/w/make-your-own-neural-network-tariq-rashid/1123691651 | 15.91 |
|  10 | Remote: Office Not Required                   | book     | 2014-10-17 | https://www.goodreads.com/book/show/17316682-remote                                   | 18.99 |
|  11 | Bioinformatics and Functional Genomics        | book     | 2014-08-15 | http://www.bioinfbook.org/php/?q=node/156                                             | 35.09 |
|  12 | Food for Today                                | book     | 2014-11-09 | https://app.oncoursesystems.com/school/webpage/11515833/1490563                       | 30.08 |
+-----+-----------------------------------------------+----------+------------+---------------------------------------------------------------------------------------+-------+
12 rows in set (0.0015 sec)
 MySQL  localhost:33060+ ssl  setup  SQL > SELECT * FROM Issue;
+-----+-----+
| pid | ino |
+-----+-----+
|   2 |   4 |
|   3 |  10 |
|   4 |   6 |
|   6 |   2 |
|   7 |   2 |
|   8 |   3 |
+-----+-----+
6 rows in set (0.0045 sec)
 MySQL  localhost:33060+ ssl  setup  SQL > SELECT * FROM Publications;
+-----+-----------------------------------------------+----------+------------+---------------------------------------------------------------------------------------+-------+
| pid | title                                         | ptype    | dop        | url                                                                                   | price |
+-----+-----------------------------------------------+----------+------------+---------------------------------------------------------------------------------------+-------+
|   1 | Knowledge Engineering and Semantic Web        | book     | 2017-11-08 | https://www.springer.com/gp/book/9783319695471                                        |    37 |
|   2 | SERVO                                         | magazine | 2019-09-18 | https://www.servomagazine.com/                                                        | 17.09 |
|   3 | Journal of Computer Science & Systems Biology | journal  | 2016-10-01 | https://www.omicsonline.org/computer-science-systems-biology.php                      | 27.99 |
|   4 | Insights in Biomedicine                       | journal  | 2018-12-21 | https://biomedicine.imedpub.com/                                                      | 46.69 |
|   5 | Database Design for Mere Mortals              | book     | 2014-09-05 | https://www.goodreads.com/book/show/150062.Database_Design_for_Mere_Mortals           | 18.78 |
|   6 | Nature Communications                         | journal  | 2016-04-20 | https://www.nature.com/ncomms/                                                        | 25.21 |
|   7 | Earth Interactions                            | magazine | 2015-10-08 | https://journals.ametsoc.org/toc/eint/19/12                                           | 16.98 |
|   8 | Birds and Blooms                              | magazine | 2019-07-20 | https://www.magazine.store/birds-and-blooms/                                          | 26.19 |
|   9 | Make Your Own Neural Network                  | book     | 2016-03-31 | https://www.barnesandnoble.com/w/make-your-own-neural-network-tariq-rashid/1123691651 | 15.91 |
|  10 | Remote: Office Not Required                   | book     | 2014-10-17 | https://www.goodreads.com/book/show/17316682-remote                                   | 18.99 |
|  11 | Bioinformatics and Functional Genomics        | book     | 2014-08-15 | http://www.bioinfbook.org/php/?q=node/156                                             | 35.09 |
|  12 | Food for Today                                | book     | 2014-11-09 | https://app.oncoursesystems.com/school/webpage/11515833/1490563                       | 30.08 |
+-----+-----------------------------------------------+----------+------------+---------------------------------------------------------------------------------------+-------+
12 rows in set (0.0010 sec)
 MySQL  localhost:33060+ ssl  setup  SQL > 
 MySQL  localhost:33060+ ssl  setup  SQL > select * from Articles;
+-----+-------------------------------------+------------+--------------------------------------------------------------------------------------+
| aid | atitle                              | doc        | url                                                                                  |
+-----+-------------------------------------+------------+--------------------------------------------------------------------------------------+
|   1 | The Second Term                     | 2014-06-05 | https://www.newyorker.com/magazine/2012/06/18/the-second-term                        |
|   2 | Come to Happyland                   | 2014-09-02 | https://www.outsideonline.com/1910091/come-happyland?page=all                        |
|   3 | Miami Underwater                    | 2015-12-14 | https://www.newyorker.com/magazine/2015/12/21/the-siege-of-miami                     |
|   4 | Philip Glass                        | 2016-10-20 | https://www.interviewmagazine.com/music/philip-glass#_                               |
|   5 | Vanishing Act                       | 2014-12-27 | http://www.slate.com/articles/arts/music_box/2009/12/vanishing_act.html              |
|   6 | The Ghosts of the Glacier           | 2018-10-09 | https://www.gq.com/story/missing-parents-melting-glacier-swiss-alps                  |
|   7 | Jane Goodall Is Still Wild at Heart | 2019-08-08 | https://www.nytimes.com/2015/03/15/magazine/jane-goodall-is-still-wild-at-heart.html |
+-----+-------------------------------------+------------+--------------------------------------------------------------------------------------+
7 rows in set (0.0159 sec)
 MySQL  localhost:33060+ ssl  setup  SQL > https://www.newyorker.com/magazine/2012^C
 MySQL  localhost:33060+ ssl  setup  SQL > 
 MySQL  localhost:33060+ ssl  setup  SQL > 
 MySQL  localhost:33060+ ssl  setup  SQL > UPDATE Articles
                                        -> SET atitle = "The II Term"
                                        -> WHERE url = "https://www.newyorker.com/magazine/2012/06/18/the-second-term";
Query OK, 1 row affected (0.0215 sec)

Rows matched: 1  Changed: 1  Warnings: 0
 MySQL  localhost:33060+ ssl  setup  SQL > 
 MySQL  localhost:33060+ ssl  setup  SQL > 
 MySQL  localhost:33060+ ssl  setup  SQL > 
 MySQL  localhost:33060+ ssl  setup  SQL > 
 MySQL  localhost:33060+ ssl  setup  SQL > UPDATE Articles
                                        -> SET doc = NOW
                                        -> WHERE url = "https://www.newyorker.com/magazine/2012/06/18/the-second-term";
ERROR: 1054: Unknown column 'NOW' in 'field list'
 MySQL  localhost:33060+ ssl  setup  SQL > 
 MySQL  localhost:33060+ ssl  setup  SQL > 
 MySQL  localhost:33060+ ssl  setup  SQL > UPDATE Articles
                                        -> SET doc = NOW()
                                        -> WHERE url = "https://www.newyorker.com/magazine/2012/06/18/the-second-term";
Query OK, 1 row affected, 1 warning (0.0054 sec)

Rows matched: 1  Changed: 1  Warnings: 1
Note (code 1292): Incorrect date value: '2020-03-17 19:40:18' for column 'doc' at row 1
 MySQL  localhost:33060+ ssl  setup  SQL > SELECT * FROM Articles;
+-----+-------------------------------------+------------+--------------------------------------------------------------------------------------+
| aid | atitle                              | doc        | url                                                                                  |
+-----+-------------------------------------+------------+--------------------------------------------------------------------------------------+
|   1 | The II Term                         | 2020-03-17 | https://www.newyorker.com/magazine/2012/06/18/the-second-term                        |
|   2 | Come to Happyland                   | 2014-09-02 | https://www.outsideonline.com/1910091/come-happyland?page=all                        |
|   3 | Miami Underwater                    | 2015-12-14 | https://www.newyorker.com/magazine/2015/12/21/the-siege-of-miami                     |
|   4 | Philip Glass                        | 2016-10-20 | https://www.interviewmagazine.com/music/philip-glass#_                               |
|   5 | Vanishing Act                       | 2014-12-27 | http://www.slate.com/articles/arts/music_box/2009/12/vanishing_act.html              |
|   6 | The Ghosts of the Glacier           | 2018-10-09 | https://www.gq.com/story/missing-parents-melting-glacier-swiss-alps                  |
|   7 | Jane Goodall Is Still Wild at Heart | 2019-08-08 | https://www.nytimes.com/2015/03/15/magazine/jane-goodall-is-still-wild-at-heart.html |
+-----+-------------------------------------+------------+--------------------------------------------------------------------------------------+
7 rows in set (0.0007 sec)
 MySQL  localhost:33060+ ssl  setup  SQL > select * from WriteArticle
                                        -> ;
+-----+-----+------------+
| aid | sid | sdate      |
+-----+-----+------------+
|   1 |   1 | 2014-05-15 |
|   2 |  11 | 2014-06-10 |
|   3 |   9 | 2014-11-22 |
|   4 |   3 | 2015-11-27 |
|   5 |   9 | 2014-11-22 |
|   6 |   7 | 2018-02-24 |
|   7 |   4 | 2019-01-29 |
+-----+-----+------------+
7 rows in set (0.0013 sec)
 MySQL  localhost:33060+ ssl  setup  SQL > select * from Staff;
+-----+------------------+--------+------------+-------------+------------+--------+--------------+------+
| sid | sname            | stype  | sdate      | periodicity | dob        | gender | phone        | pay  |
+-----+------------------+--------+------------+-------------+------------+--------+--------------+------+
|   1 | Chris Harrington | author | 2014-05-15 |          14 | 1983-12-19 | male   | 909-586-6774 |  250 |
|   2 | Pryanka Dittan   | editor | 2014-05-15 |          14 | 1981-04-09 | female | 919-436-1287 |  280 |
|   3 | Rita Malavino    | author | 2015-11-27 |          -1 | 1990-10-21 | female | 915-897-1653 |  500 |
|   4 | Yun Tao          | author | 2019-01-29 |          28 | 1991-02-20 | male   | 833-572-0648 | 4930 |
|   5 | Robert Arwinski  | editor | 2016-08-20 |          14 | 1968-07-17 | male   | 917-874-0271 |  285 |
|   6 | Gandalf Gray     | editor | 2014-05-15 |          -1 | 1972-07-09 | male   | 905-963-0279 |  654 |
|   7 | Bilbo Baggins    | author | 2018-02-24 |          28 | 1981-11-21 | male   | 909-578-9264 |  490 |
|   8 | Arwen Undomiel   | author | 2016-09-01 |          -1 | 1976-03-05 | female | 895-565-8016 |  500 |
|   9 | Samwise Gamgee   | author | 2014-11-22 |          28 | 1984-08-01 | male   | 881-654-9072 |  520 |
|  10 | Pippin Took      | editor | 2015-08-12 |          14 | 1980-01-12 | male   | 792-548-0165 |  280 |
|  11 | Ryan Kipling     | author | 2014-06-10 |          14 | 1977-01-11 | male   | 342-549-1835 |  265 |
+-----+------------------+--------+------------+-------------+------------+--------+--------------+------+
11 rows in set (0.0012 sec)
 MySQL  localhost:33060+ ssl  setup  SQL > 
 MySQL  localhost:33060+ ssl  setup  SQL > 
 MySQL  localhost:33060+ ssl  setup  SQL > UPDATE WriteArticle
                                        -> SET sid = (
                                        ->     SELECT sid
                                        ->     FROM Staff
                                        ->     WHERE phone = "905-963-0279"
                                        -> )
                                        -> WHERE aid = (
                                        ->     SELECT aid
                                        ->     FROM Articles
                                        ->     WHERE url = "https://www.newyorker.com/magazine/2012/06/18/the-second-term"
                                        -> );
Query OK, 1 row affected (0.0174 sec)

Rows matched: 1  Changed: 1  Warnings: 0
 MySQL  localhost:33060+ ssl  setup  SQL > 
 MySQL  localhost:33060+ ssl  setup  SQL > 
 MySQL  localhost:33060+ ssl  setup  SQL > 
 MySQL  localhost:33060+ ssl  setup  SQL > SELECT * FROM Chapters;
+-----+------+------------------------------------------+-----------------------------------------------------------------------------------------------------------------------------------+
| pid | chno | chtitle                                  | url                                                                                                                               |
+-----+------+------------------------------------------+-----------------------------------------------------------------------------------------------------------------------------------+
|   1 |    3 | Diversified Semantic Query Reformulation | https://www.springer.com/gp/book/9783319695471                                                                                    |
|   5 |    4 | Query Execution                          | https://link.springer.com/chapter/10.1007/978-1-4302-4660-2_14                                                                    |
|   9 |    5 | Pairwise Alignment                       | http://www.bioinfbook.org/php/?q=C3E3                                                                                             |
|  10 |    2 | Stop the commute                         | http://v.fastcdn.co/u/3a1b1cdf/28217077-0-Remote-Office-Not-Re.pdf                                                                |
|  11 |    3 | Reviewing Data Integrity                 | https://flylib.com/books/en/1.199.1.135/1/                                                                                        |
|  12 |    6 | Planning Daily Food Choices              | https://www.mheducation.com/prek-12/product/food-today-student-edition-mcgraw-hill/9780026430487.html#tab-content-tableOfContents |
+-----+------+------------------------------------------+-----------------------------------------------------------------------------------------------------------------------------------+
6 rows in set (0.0800 sec)
 MySQL  localhost:33060+ ssl  setup  SQL > 
 MySQL  localhost:33060+ ssl  setup  SQL > 
 MySQL  localhost:33060+ ssl  setup  SQL > UPDATE Chapters
                                        -> SET chtitle = "Diversified Semantic Query Reformulation"
                                        -> WHERE url = "https://www.springer.com/gp/book/9783319695471"
                                        -> ;
Query OK, 1 row affected (0.0121 sec)

Rows matched: 1  Changed: 0  Warnings: 0
 MySQL  localhost:33060+ ssl  setup  SQL > 
 MySQL  localhost:33060+ ssl  setup  SQL > 
 MySQL  localhost:33060+ ssl  setup  SQL > SELECT title, ISBN
                                        -> FROM Books
                                        -> NATURAL JOIN HasTopic
                                        -> NATURAL JOIN Topics
                                        -> NATURAL JOIN Publications
                                        -> WHERE name = "computer science";
ERROR: 1054: Unknown column 'name' in 'where clause'
 MySQL  localhost:33060+ ssl  setup  SQL > 
 MySQL  localhost:33060+ ssl  setup  SQL > 
 MySQL  localhost:33060+ ssl  setup  SQL > 
 MySQL  localhost:33060+ ssl  setup  SQL > SELECT title, ISBN
                                        -> FROM Books
                                        -> NATURAL JOIN HasTopic
                                        -> NATURAL JOIN Topics
                                        -> WHERE topic = "computer science";
ERROR: 1054: Unknown column 'title' in 'field list'
 MySQL  localhost:33060+ ssl  setup  SQL > 
 MySQL  localhost:33060+ ssl  setup  SQL > 
 MySQL  localhost:33060+ ssl  setup  SQL > SELECT title, ISBN FROM Books NATURAL JOIN HasTopic NATURAL JOIN Topics NATURAL JOIN Publications WHERE topic = "computer science";
+----------------------------------------+--------------------+
| title                                  | ISBN               |
+----------------------------------------+--------------------+
| Knowledge Engineering and Semantic Web | 89-15-28-237106-32 |
| Make Your Own Neural Network           | 92-14-123-89175-05 |
+----------------------------------------+--------------------+
2 rows in set (0.0109 sec)
 MySQL  localhost:33060+ ssl  setup  SQL > 
 MySQL  localhost:33060+ ssl  setup  SQL > SELECT title, ISBN
                                        -> FROM Books
                                        -> NATURAL JOIN HasTopic
                                        -> NATURAL JOIN Topics
                                        -> NATURAL JOIN Publications
                                        -> WHERE topic = "computer science";
+----------------------------------------+--------------------+
| title                                  | ISBN               |
+----------------------------------------+--------------------+
| Knowledge Engineering and Semantic Web | 89-15-28-237106-32 |
| Make Your Own Neural Network           | 92-14-123-89175-05 |
+----------------------------------------+--------------------+
2 rows in set (0.0009 sec)
 MySQL  localhost:33060+ ssl  setup  SQL > SELECT * FROM Edit;
+-----+-----+------------+
| pid | sid | sdate      |
+-----+-----+------------+
|   2 |  10 | 2015-08-12 |
|   1 |   5 | 2016-08-20 |
|   4 |   2 | 2014-05-15 |
|  11 |   6 | 2014-05-15 |
|   6 |   5 | 2016-08-20 |
|   3 |   2 | 2014-05-15 |
|   5 |   2 | 2014-05-15 |
|   7 |  10 | 2015-08-12 |
|   8 |   5 | 2016-08-20 |
|   9 |  10 | 2015-08-12 |
|  10 |   2 | 2014-05-15 |
|  12 |   2 | 2014-05-15 |
+-----+-----+------------+
12 rows in set (0.0019 sec)
 MySQL  localhost:33060+ ssl  setup  SQL > DESC Books;
+---------+-------------+------+-----+---------+-------+
| Field   | Type        | Null | Key | Default | Extra |
+---------+-------------+------+-----+---------+-------+
| pid     | int         | NO   | PRI | NULL    |       |
| ISBN    | varchar(50) | NO   |     | NULL    |       |
| edition | int         | YES  |     | NULL    |       |
+---------+-------------+------+-----+---------+-------+
3 rows in set (0.0297 sec)
 MySQL  localhost:33060+ ssl  setup  SQL > DESC Chapters;
+---------+---------------+------+-----+---------+-------+
| Field   | Type          | Null | Key | Default | Extra |
+---------+---------------+------+-----+---------+-------+
| pid     | int           | NO   | PRI | NULL    |       |
| chno    | int           | NO   | PRI | NULL    |       |
| chtitle | varchar(150)  | NO   |     | NULL    |       |
| url     | varchar(2048) | NO   |     | NULL    |       |
+---------+---------------+------+-----+---------+-------+
4 rows in set (0.0015 sec)
 MySQL  localhost:33060+ ssl  setup  SQL > ALTER Chapters ADD COLUMN modified DATE;
ERROR: 1064: You have an error in your SQL syntax; check the manual that corresponds to your MySQL server version for the right syntax to use near 'Chapters ADD COLUMN modified DATE' at line 1
 MySQL  localhost:33060+ ssl  setup  SQL > 
 MySQL  localhost:33060+ ssl  setup  SQL > 
 MySQL  localhost:33060+ ssl  setup  SQL > 
 MySQL  localhost:33060+ ssl  setup  SQL > 
 MySQL  localhost:33060+ ssl  setup  SQL > 
 MySQL  localhost:33060+ ssl  setup  SQL > 
 MySQL  localhost:33060+ ssl  setup  SQL > SELECT title, ISBN
                                        -> FROM Publications
                                        -> NATURAL JOIN Books
                                        -> WHERE dop = "2017-11-08";
ERROR: 2006: MySQL server has gone away
The global session got disconnected..
Attempting to reconnect to 'mysqlx://root@localhost:33060/setup'..
The global session was successfully reconnected.
 MySQL  localhost:33060+ ssl  setup  SQL > SELECT title, ISBN FROM Publications NATURAL JOIN Books WHERE dop = "2017-11-08";
+----------------------------------------+--------------------+
| title                                  | ISBN               |
+----------------------------------------+--------------------+
| Knowledge Engineering and Semantic Web | 89-15-28-237106-32 |
+----------------------------------------+--------------------+
1 row in set (0.0097 sec)
 MySQL  localhost:33060+ ssl  setup  SQL > 
 MySQL  localhost:33060+ ssl  setup  SQL > 
 MySQL  localhost:33060+ ssl  setup  SQL > SELECT title, ISBN
                                        -> FROM Publications
                                        -> NATURAL JOIN Books
                                        -> WHERE dop = "2017-11-08";
+----------------------------------------+--------------------+
| title                                  | ISBN               |
+----------------------------------------+--------------------+
| Knowledge Engineering and Semantic Web | 89-15-28-237106-32 |
+----------------------------------------+--------------------+
1 row in set (0.0013 sec)
 MySQL  localhost:33060+ ssl  setup  SQL > SELECT title, ISBN
                                        -> FROM Books
                                        -> NATURAL JOIN Staff S
                                        -> NATURAL JOIN WriteBook
                                        -> WHERE S.name = "Samwise Gamgee";
ERROR: 1054: Unknown column 'title' in 'field list'
 MySQL  localhost:33060+ ssl  setup  SQL > 
 MySQL  localhost:33060+ ssl  setup  SQL > 
 MySQL  localhost:33060+ ssl  setup  SQL > 
 MySQL  localhost:33060+ ssl  setup  SQL > SELECT title, ISBN
                                        -> FROM Books
                                        -> NATURAL JOIN Publications
                                        -> NATURAL JOIN Staff S
                                        -> NATURAL JOIN WriteBook
                                        -> WHERE S.name = "Samwise Gamgee";
ERROR: 1054: Unknown column 'S.name' in 'where clause'
 MySQL  localhost:33060+ ssl  setup  SQL > SELECT title, ISBN FROM Books NATURAL JOIN Publications NATURAL JOIN Staff S NATURAL JOIN WriteBook WHERE name = "Samwise Gamgee";
ERROR: 1054: Unknown column 'name' in 'where clause'
 MySQL  localhost:33060+ ssl  setup  SQL > SELECT title, ISBN FROM Books NATURAL JOIN Publications NATURAL JOIN Staff NATURAL JOIN WriteBook WHERE sname = "Samwise Gamgee";
+-------------------------------+--------------------+
| title                         | ISBN               |
+-------------------------------+--------------------+
| Make Your Own Neural Network  | 92-14-123-89175-05 |
+-------------------------------+--------------------+
1 row in set (0.0034 sec)
 MySQL  localhost:33060+ ssl  setup  SQL > 
 MySQL  localhost:33060+ ssl  setup  SQL > 
 MySQL  localhost:33060+ ssl  setup  SQL > SELECT title, ISBN
                                        -> FROM Books
                                        -> NATURAL JOIN Publications
                                        -> NATURAL JOIN Staff
                                        -> NATURAL JOIN WriteBook
                                        -> WHERE sname = " MySQL  localhost:33060+ ssl  setup  SQL > SELECT title, ISBN
                                        ->                                         -> FROM Publications
                                        ->                                         -> NATURAL JOIN Books
                                        ->                                         -> WHERE dop = "2017-11-08";
                                        "> +----------------------------------------+--------------------+
                                        "> | title                                  | ISBN               |
                                        "> +----------------------------------------+--------------------+
                                        "> | Knowledge Engineering and Semantic Web | 89-15-28-237106-32 |
                                        "> +----------------------------------------+--------------------+
                                        "> 
                                        "> 
                                        "> ;
                                        "> 
                                        "> ^C
 MySQL  localhost:33060+ ssl  setup  SQL > 
 MySQL  localhost:33060+ ssl  setup  SQL > 
 MySQL  localhost:33060+ ssl  setup  SQL > 
 MySQL  localhost:33060+ ssl  setup  SQL > 
 MySQL  localhost:33060+ ssl  setup  SQL > SELECT title, ISBN FROM Books NATURAL JOIN Publications NATURAL JOIN Staff NATURAL JOIN WriteBook WHERE sname = "Samwise Gamgee";
+-------------------------------+--------------------+
| title                         | ISBN               |
+-------------------------------+--------------------+
| Make Your Own Neural Network  | 92-14-123-89175-05 |
+-------------------------------+--------------------+
1 row in set (0.0012 sec)
 MySQL  localhost:33060+ ssl  setup  SQL > 
 MySQL  localhost:33060+ ssl  setup  SQL > 
 MySQL  localhost:33060+ ssl  setup  SQL > 
 MySQL  localhost:33060+ ssl  setup  SQL > SELECT atitle FROM Articles NATURAL JOIN ContainArticle NATURAL JOIN Topics NATURAL JOIN PeriodicPublication WHERE topic = "computer science";
+-------------------------------------+
| atitle                              |
+-------------------------------------+
| Jane Goodall Is Still Wild at Heart |
| Miami Underwater                    |
| The Ghosts of the Glacier           |
| Come to Happyland                   |
| The II Term                         |
| Vanishing Act                       |
| Philip Glass                        |
+-------------------------------------+
7 rows in set (0.0064 sec)
 MySQL  localhost:33060+ ssl  setup  SQL > SELECT atitle FROM Articles NATURAL JOIN ContainArticle NATURAL JOIN Topics NATURAL JOIN PeriodicPublication NATURAL JOIN Publications NATURAL JOIN HasTopic WHERE topic = "computer science";
Empty set (0.0050 sec)
 MySQL  localhost:33060+ ssl  setup  SQL > SHOW Tables;
+---------------------+
| Tables_in_setup     |
+---------------------+
| Articles            |
| Books               |
| Chapters            |
| ConsistOf           |
| ContainArticle      |
| Distributors        |
| Edit                |
| HasTopic            |
| Issue               |
| MakeOrder           |
| Orders              |
| PeriodicPublication |
| Publications        |
| Staff               |
| Topics              |
| WriteArticle        |
| WriteBook           |
+---------------------+
17 rows in set (0.0221 sec)
 MySQL  localhost:33060+ ssl  setup  SQL > select * from PeriodicPublication;
+-----+-------------+----------+
| pid | periodicity | pptype   |
+-----+-------------+----------+
|   2 |           2 | journal  |
|   3 |           1 | magazine |
|   4 |           2 | journal  |
|   6 |           3 | journal  |
|   7 |           6 | magazine |
|   8 |           3 | magazine |
+-----+-------------+----------+
6 rows in set (0.0013 sec)
 MySQL  localhost:33060+ ssl  setup  SQL > select * from ContainArticle;
+-----+-----+
| pid | aid |
+-----+-----+
|   2 |   7 |
|   3 |   3 |
|   4 |   6 |
|   6 |   2 |
|   7 |   1 |
|   8 |   4 |
|   7 |   5 |
+-----+-----+
7 rows in set (0.0005 sec)
 MySQL  localhost:33060+ ssl  setup  SQL > select * from article;
ERROR: 1146: Table 'setup.article' doesn't exist
 MySQL  localhost:33060+ ssl  setup  SQL > select * from Articles;
+-----+-------------------------------------+------------+--------------------------------------------------------------------------------------+
| aid | atitle                              | doc        | url                                                                                  |
+-----+-------------------------------------+------------+--------------------------------------------------------------------------------------+
|   1 | The II Term                         | 2020-03-17 | https://www.newyorker.com/magazine/2012/06/18/the-second-term                        |
|   2 | Come to Happyland                   | 2014-09-02 | https://www.outsideonline.com/1910091/come-happyland?page=all                        |
|   3 | Miami Underwater                    | 2015-12-14 | https://www.newyorker.com/magazine/2015/12/21/the-siege-of-miami                     |
|   4 | Philip Glass                        | 2016-10-20 | https://www.interviewmagazine.com/music/philip-glass#_                               |
|   5 | Vanishing Act                       | 2014-12-27 | http://www.slate.com/articles/arts/music_box/2009/12/vanishing_act.html              |
|   6 | The Ghosts of the Glacier           | 2018-10-09 | https://www.gq.com/story/missing-parents-melting-glacier-swiss-alps                  |
|   7 | Jane Goodall Is Still Wild at Heart | 2019-08-08 | https://www.nytimes.com/2015/03/15/magazine/jane-goodall-is-still-wild-at-heart.html |
+-----+-------------------------------------+------------+--------------------------------------------------------------------------------------+
7 rows in set (0.0009 sec)
 MySQL  localhost:33060+ ssl  setup  SQL > select * from HasTopic;
+-----+------------------+
| pid | topic            |
+-----+------------------+
|   1 | computer science |
|   2 | robotics         |
|   3 | computer science |
|   4 | medicine         |
|   5 | database         |
|   6 | discovery        |
|   7 | nature           |
|   9 | computer science |
|  10 | psychology       |
|  11 | medicine         |
|  12 | food             |
+-----+------------------+
11 rows in set (0.0008 sec)
 MySQL  localhost:33060+ ssl  setup  SQL > SELECT atitle FROM Articles NATURAL JOIN ContainArticle NATURAL JOIN Topics NATURAL JOIN PeriodicPublication NATURAL JOIN HasTopic WHERE topic = "computer science";
+------------------+
| atitle           |
+------------------+
| Miami Underwater |
+------------------+
1 row in set (0.0016 sec)
 MySQL  localhost:33060+ ssl  setup  SQL > 
 MySQL  localhost:33060+ ssl  setup  SQL > 
 MySQL  localhost:33060+ ssl  setup  SQL > SELECT atitle
                                        -> FROM Articles
                                        -> NATURAL JOIN ContainArticle
                                        -> NATURAL JOIN Topics
                                        -> NATURAL JOIN PeriodicPublication
                                        -> NATURAL JOIN HasTopic
                                        -> WHERE topic = "computer science";
+------------------+
| atitle           |
+------------------+
| Miami Underwater |
+------------------+
1 row in set (0.0013 sec)
 MySQL  localhost:33060+ ssl  setup  SQL > 
 MySQL  localhost:33060+ ssl  setup  SQL > 
 MySQL  localhost:33060+ ssl  setup  SQL > SELECT atitle
                                        -> FROM Articles
                                        -> WHERE doc = "2020-03-17";
+-------------+
| atitle      |
+-------------+
| The II Term |
+-------------+
1 row in set (0.0009 sec)
 MySQL  localhost:33060+ ssl  setup  SQL > 
 MySQL  localhost:33060+ ssl  setup  SQL > 
 MySQL  localhost:33060+ ssl  setup  SQL > 
 MySQL  localhost:33060+ ssl  setup  SQL > SELECT atitle
                                        -> FROM Articles
                                        -> NATURAL JOIN WriteArticle
                                        -> NATURAL JOIN Staff
                                        -> WHERE sname = "Samwise Gamgee";
+------------------+
| atitle           |
+------------------+
| Miami Underwater |
| Vanishing Act    |
+------------------+
2 rows in set (0.0016 sec)
 MySQL  localhost:33060+ ssl  setup  SQL > select * from Distributors;
+-----+--------------------------+-----------+----------------+-----------------------------------+--------------------+--------------+-------------+
| did | dname                    | dtype     | city           | address                           | contact            | phno         | tot_balance |
+-----+--------------------------+-----------+----------------+-----------------------------------+--------------------+--------------+-------------+
|   1 | Prezell Robinson Library | library   | Raleigh        | 1315 Oakwood Ave                  | Andrew Hilmore     | 984-231-4572 |           0 |
|   2 | Barnes & Noble           | bookstore | Raleigh        | 5959 Triangle Town Blvd Unit 2107 | Nancy Mitchell     | 919-792-2140 |           0 |
|   3 | Books By the Bay         | bookstore | North Bend     | 1875 Sherman Ave                  | Lily Moore         | 541-756-1215 |           0 |
|   4 | Allen Public Library     | library   | Allen          | 300 N Allen Dr                    | Christina Selano   | 214-509-4900 |           0 |
|   5 | Anchor Distributors      | wholesale | New Kensington | 1030 Hunt Valley Circle           | Alicia Woods       | 800-444-4484 |           0 |
|   6 | Gem Guides Books         | wholesale | Upland         | 1155 W. 9th Street                | Elle Pierce        | 626-855-1611 |           0 |
|   7 | Ingram Book              | wholesale | La Vergne      | One Ingram Blvd                   | Richard Dole       | 615-793-5000 |           0 |
|   8 | The Book Barn            | bookstore | Leavenworth    | 410 Delaware St                   | Charles Lewismare  | 913-682-6518 |           0 |
|   9 | Lawrence Public Library  | library   | New Lawrence   | 707 Vermont St                    | Barbara Richardson | 785-843-3833 |           0 |
|  10 | John C. Hodges Library   | library   | Knoxville      | 1015 Volunteer Blvd               | Alberta Boticelli  | 865-974-4351 |           0 |
|  11 | Firestorm Books & Coffee | bookstore | Asheville      | 610 Haywood Rd #B                 | Peter Barringtone  | 828-255-8115 |           0 |
+-----+--------------------------+-----------+----------------+-----------------------------------+--------------------+--------------+-------------+
11 rows in set (0.0048 sec)
 MySQL  localhost:33060+ ssl  setup  SQL > 
 MySQL  localhost:33060+ ssl  setup  SQL > 
 MySQL  localhost:33060+ ssl  setup  SQL > UPDATE Distributors
                                        -> SET contact = "Taylor Swift"
                                        -> WHERE address = "1315 Oakwood Ave";
Query OK, 1 row affected (0.0168 sec)

Rows matched: 1  Changed: 1  Warnings: 0
 MySQL  localhost:33060+ ssl  setup  SQL > 
 MySQL  localhost:33060+ ssl  setup  SQL > 
 MySQL  localhost:33060+ ssl  setup  SQL > 
 MySQL  localhost:33060+ ssl  setup  SQL > SELECT did, dname, oid, pid, COUNT(*) AS "Number of orders", SUM(copies) AS "Number of copies", ROUND(SUM(copies) * price, 2) AS "Total price", odate
                                        -> FROM (
                                        ->     SELECT did, dname, oid, pid, copies, price, DATE_FORMAT(odate, "%m-%Y") AS odate
                                        ->     FROM Distributors
                                        ->     NATURAL JOIN MakeOrder
                                        ->     NATURAL JOIN Orders
                                        ->     NATURAL JOIN ConsistOf
                                        -> ) t
                                        -> GROUP BY did, pid, t.odate;
ERROR: 1055: Expression #3 of SELECT list is not in GROUP BY clause and contains nonaggregated column 't.oid' which is not functionally dependent on columns in GROUP BY clause; this is incompatible with sql_mode=only_full_group_by
 MySQL  localhost:33060+ ssl  setup  SQL > 
 MySQL  localhost:33060+ ssl  setup  SQL > 
 MySQL  localhost:33060+ ssl  setup  SQL > 
 MySQL  localhost:33060+ ssl  setup  SQL > SELECT did, dname, oid, pid, COUNT(*) AS "Number of orders", SUM(copies) AS "Number of copies", ROUND(SUM(copies) * price, 2) AS "Total price", odate FROM (     SELECT did, dname, oid, pid, copies, price, DATE_FORMAT(odate, "%m-%Y") AS odate     FROM Distributors     NATURAL JOIN MakeOrder     NATURAL JOIN Orders     NATURAL JOIN ConsistOf ) t GROUP BY did, pid, odate;
ERROR: 1055: Expression #3 of SELECT list is not in GROUP BY clause and contains nonaggregated column 't.oid' which is not functionally dependent on columns in GROUP BY clause; this is incompatible with sql_mode=only_full_group_by
 MySQL  localhost:33060+ ssl  setup  SQL > 
 MySQL  localhost:33060+ ssl  setup  SQL > 
 MySQL  localhost:33060+ ssl  setup  SQL > 
 MySQL  localhost:33060+ ssl  setup  SQL > 
 MySQL  localhost:33060+ ssl  setup  SQL > 
 MySQL  localhost:33060+ ssl  setup  SQL > SELECT did, dname, oid, pid, COUNT(*) AS "Number of orders", SUM(copies) AS "Number of copies", ROUND(SUM(copies) * price, 2) AS "Total price", odate FROM (     SELECT did, dname, oid, pid, copies, price, DATE_FORMAT(odate, "%m-%Y") AS odate     FROM Distributors     NATURAL JOIN MakeOrder     NATURAL JOIN Orders     NATURAL JOIN ConsistOf ) t GROUP BY did, pid, odate;
ERROR: 1055: Expression #3 of SELECT list is not in GROUP BY clause and contains nonaggregated column 't.oid' which is not functionally dependent on columns in GROUP BY clause; this is incompatible with sql_mode=only_full_group_by
 MySQL  localhost:33060+ ssl  setup  SQL > 
 MySQL  localhost:33060+ ssl  setup  SQL > 
 MySQL  localhost:33060+ ssl  setup  SQL > 
 MySQL  localhost:33060+ ssl  setup  SQL > 
 MySQL  localhost:33060+ ssl  setup  SQL > 
 MySQL  localhost:33060+ ssl  setup  SQL > 
 MySQL  localhost:33060+ ssl  setup  SQL > 
 MySQL  localhost:33060+ ssl  setup  SQL > SELECT did, MONTH(odate), YEAR(odate), dname, COUNT(*) AS count
                                        -> FROM Distributors
                                        -> NATURAL JOIN MakeOrder
                                        -> NATURAL JOIN Orders
                                        -> GROUP BY did, MONTH(odate), YEAR(odate);
+-----+--------------+-------------+--------------------------+-------+
| did | MONTH(odate) | YEAR(odate) | dname                    | count |
+-----+--------------+-------------+--------------------------+-------+
|   1 |            8 |        2019 | Prezell Robinson Library |     1 |
|   5 |           11 |        2017 | Anchor Distributors      |     1 |
|   3 |            9 |        2018 | Books By the Bay         |     3 |
|   8 |            1 |        2018 | The Book Barn            |     1 |
|   7 |            6 |        2019 | Ingram Book              |     1 |
|  10 |            1 |        2020 | John C. Hodges Library   |     1 |
|   4 |            3 |        2018 | Allen Public Library     |     1 |
|   1 |           10 |        2017 | Prezell Robinson Library |     1 |
|   2 |            2 |        2018 | Barnes & Noble           |     1 |
|   4 |           12 |        2019 | Allen Public Library     |     1 |
|   6 |            8 |        2019 | Gem Guides Books         |     1 |
+-----+--------------+-------------+--------------------------+-------+
11 rows in set (0.0016 sec)
 MySQL  localhost:33060+ ssl  setup  SQL > SELECT did, FORMAT(odate, "MMMM"), YEAR(odate), dname, COUNT(*) AS count FROM Distributors NATURAL JOIN MakeOrder NATURAL JOIN Orders GROUP BY did, MONTH(odate), YEAR(odate);
ERROR: 1055: Expression #2 of SELECT list is not in GROUP BY clause and contains nonaggregated column 'setup.Orders.odate' which is not functionally dependent on columns in GROUP BY clause; this is incompatible with sql_mode=only_full_group_by
 MySQL  localhost:33060+ ssl  setup  SQL > 
 MySQL  localhost:33060+ ssl  setup  SQL > 
 MySQL  localhost:33060+ ssl  setup  SQL > SELECT did, FORMAT(odate, "MMMM"), YEAR(odate), dname, COUNT(*) AS count FROM Distributors NATURAL JOIN MakeOrder NATURAL JOIN Orders GROUP BY did, FORMAT(odate, "MMMM"), YEAR(odate);
+-----+-----------------------+-------------+--------------------------+-------+
| did | FORMAT(odate, "MMMM") | YEAR(odate) | dname                    | count |
+-----+-----------------------+-------------+--------------------------+-------+
|   1 | 20,190,801            |        2019 | Prezell Robinson Library |     1 |
|   5 | 20,171,129            |        2017 | Anchor Distributors      |     1 |
|   3 | 20,180,910            |        2018 | Books By the Bay         |     1 |
|   8 | 20,180,112            |        2018 | The Book Barn            |     1 |
|   7 | 20,190,630            |        2019 | Ingram Book              |     1 |
|  10 | 20,200,115            |        2020 | John C. Hodges Library   |     1 |
|   4 | 20,180,310            |        2018 | Allen Public Library     |     1 |
|   1 | 20,171,005            |        2017 | Prezell Robinson Library |     1 |
|   2 | 20,180,228            |        2018 | Barnes & Noble           |     1 |
|   3 | 20,180,901            |        2018 | Books By the Bay         |     1 |
|   4 | 20,191,203            |        2019 | Allen Public Library     |     1 |
|   6 | 20,190,801            |        2019 | Gem Guides Books         |     1 |
|   3 | 20,180,928            |        2018 | Books By the Bay         |     1 |
+-----+-----------------------+-------------+--------------------------+-------+
13 rows in set, 26 warnings (0.0019 sec)
Warning (code 1292): Truncated incorrect INTEGER value: 'MMMM'
Warning (code 1292): Truncated incorrect INTEGER value: 'MMMM'
Warning (code 1292): Truncated incorrect INTEGER value: 'MMMM'
Warning (code 1292): Truncated incorrect INTEGER value: 'MMMM'
Warning (code 1292): Truncated incorrect INTEGER value: 'MMMM'
Warning (code 1292): Truncated incorrect INTEGER value: 'MMMM'
Warning (code 1292): Truncated incorrect INTEGER value: 'MMMM'
Warning (code 1292): Truncated incorrect INTEGER value: 'MMMM'
Warning (code 1292): Truncated incorrect INTEGER value: 'MMMM'
Warning (code 1292): Truncated incorrect INTEGER value: 'MMMM'
Warning (code 1292): Truncated incorrect INTEGER value: 'MMMM'
Warning (code 1292): Truncated incorrect INTEGER value: 'MMMM'
Warning (code 1292): Truncated incorrect INTEGER value: 'MMMM'
Warning (code 1292): Truncated incorrect INTEGER value: 'MMMM'
Warning (code 1292): Truncated incorrect INTEGER value: 'MMMM'
Warning (code 1292): Truncated incorrect INTEGER value: 'MMMM'
Warning (code 1292): Truncated incorrect INTEGER value: 'MMMM'
Warning (code 1292): Truncated incorrect INTEGER value: 'MMMM'
Warning (code 1292): Truncated incorrect INTEGER value: 'MMMM'
Warning (code 1292): Truncated incorrect INTEGER value: 'MMMM'
Warning (code 1292): Truncated incorrect INTEGER value: 'MMMM'
Warning (code 1292): Truncated incorrect INTEGER value: 'MMMM'
Warning (code 1292): Truncated incorrect INTEGER value: 'MMMM'
Warning (code 1292): Truncated incorrect INTEGER value: 'MMMM'
Warning (code 1292): Truncated incorrect INTEGER value: 'MMMM'
Warning (code 1292): Truncated incorrect INTEGER value: 'MMMM'
 MySQL  localhost:33060+ ssl  setup  SQL > 
 MySQL  localhost:33060+ ssl  setup  SQL > 
 MySQL  localhost:33060+ ssl  setup  SQL > SELECT did, MONTHNAME(odate), YEAR(odate), dname, COUNT(*) AS count FROM Distributors NATURAL JOIN MakeOrder NATURAL JOIN Orders GROUP BY did, MONTHNAME(odate), YEAR(odate);
+-----+------------------+-------------+--------------------------+-------+
| did | MONTHNAME(odate) | YEAR(odate) | dname                    | count |
+-----+------------------+-------------+--------------------------+-------+
|   1 | August           |        2019 | Prezell Robinson Library |     1 |
|   5 | November         |        2017 | Anchor Distributors      |     1 |
|   3 | September        |        2018 | Books By the Bay         |     3 |
|   8 | January          |        2018 | The Book Barn            |     1 |
|   7 | June             |        2019 | Ingram Book              |     1 |
|  10 | January          |        2020 | John C. Hodges Library   |     1 |
|   4 | March            |        2018 | Allen Public Library     |     1 |
|   1 | October          |        2017 | Prezell Robinson Library |     1 |
|   2 | February         |        2018 | Barnes & Noble           |     1 |
|   4 | December         |        2019 | Allen Public Library     |     1 |
|   6 | August           |        2019 | Gem Guides Books         |     1 |
+-----+------------------+-------------+--------------------------+-------+
11 rows in set (0.0016 sec)
 MySQL  localhost:33060+ ssl  setup  SQL > 
 MySQL  localhost:33060+ ssl  setup  SQL > 
 MySQL  localhost:33060+ ssl  setup  SQL > SELECT did, MONTHNAME(odate) AS Month, YEAR(odate) AS Year, dname, COUNT(*) AS Count
                                        -> FROM Distributors
                                        -> NATURAL JOIN MakeOrder
                                        -> NATURAL JOIN Orders
                                        -> GROUP BY did, MONTHNAME(odate), YEAR(odate);
+-----+-----------+------+--------------------------+-------+
| did | Month     | Year | dname                    | Count |
+-----+-----------+------+--------------------------+-------+
|   1 | August    | 2019 | Prezell Robinson Library |     1 |
|   5 | November  | 2017 | Anchor Distributors      |     1 |
|   3 | September | 2018 | Books By the Bay         |     3 |
|   8 | January   | 2018 | The Book Barn            |     1 |
|   7 | June      | 2019 | Ingram Book              |     1 |
|  10 | January   | 2020 | John C. Hodges Library   |     1 |
|   4 | March     | 2018 | Allen Public Library     |     1 |
|   1 | October   | 2017 | Prezell Robinson Library |     1 |
|   2 | February  | 2018 | Barnes & Noble           |     1 |
|   4 | December  | 2019 | Allen Public Library     |     1 |
|   6 | August    | 2019 | Gem Guides Books         |     1 |
+-----+-----------+------+--------------------------+-------+
11 rows in set (0.0013 sec)
 MySQL  localhost:33060+ ssl  setup  SQL > 
 MySQL  localhost:33060+ ssl  setup  SQL > SELECT did, MONTHNAME(odate) AS Month, YEAR(odate) AS Year, dname, COUNT(*) AS Count, ROUND(SUM(copies) * price, 2) AS "Total price"
                                        -> FROM Distributors
                                        -> NATURAL JOIN MakeOrder
                                        -> NATURAL JOIN Orders
                                        -> GROUP BY did, MONTHNAME(odate), YEAR(odate);
ERROR: 1055: Expression #6 of SELECT list is not in GROUP BY clause and contains nonaggregated column 'setup.Orders.price' which is not functionally dependent on columns in GROUP BY clause; this is incompatible with sql_mode=only_full_group_by
 MySQL  localhost:33060+ ssl  setup  SQL > 
 MySQL  localhost:33060+ ssl  setup  SQL > 
 MySQL  localhost:33060+ ssl  setup  SQL > SELECT did, MONTH(odate), SUM(copies) * price + SUM(shcost) AS TotalPrice, dname, address, city
                                        -> FROM Distributors
                                        -> NATURAL JOIN MakeOrder
                                        -> NATURAL JOIN Orders
                                        -> GROUP BY did, MONTH(odate);
ERROR: 1055: Expression #3 of SELECT list is not in GROUP BY clause and contains nonaggregated column 'setup.Orders.price' which is not functionally dependent on columns in GROUP BY clause; this is incompatible with sql_mode=only_full_group_by
 MySQL  localhost:33060+ ssl  setup  SQL > 
 MySQL  localhost:33060+ ssl  setup  SQL > DESC Orders;
+--------+-------+------+-----+---------+----------------+
| Field  | Type  | Null | Key | Default | Extra          |
+--------+-------+------+-----+---------+----------------+
| oid    | int   | NO   | PRI | NULL    | auto_increment |
| price  | float | NO   |     | NULL    |                |
| copies | int   | NO   |     | NULL    |                |
| shcost | float | NO   |     | NULL    |                |
| odate  | date  | NO   |     | NULL    |                |
+--------+-------+------+-----+---------+----------------+
5 rows in set (0.0059 sec)
 MySQL  localhost:33060+ ssl  setup  SQL > 
 MySQL  localhost:33060+ ssl  setup  SQL > 
 MySQL  localhost:33060+ ssl  setup  SQL > WITH Prices AS (
                                        ->     SELECT price * copies + shcost
                                        ->     ^C
 MySQL  localhost:33060+ ssl  setup  SQL > 
 MySQL  localhost:33060+ ssl  setup  SQL > 
 MySQL  localhost:33060+ ssl  setup  SQL > 
 MySQL  localhost:33060+ ssl  setup  SQL > WITH Prices AS (
                                        ->     SELECT price * copies + shcost, did
                                        ->     FROM MakeOrder
                                        ->     NATURAL JOIN Orders
                                        -> )
                                        -> SELECT *
                                        -> FROM Prices
                                        -> GROUP BY did;
ERROR: 1055: Expression #1 of SELECT list is not in GROUP BY clause and contains nonaggregated column 'Prices.price * copies + shcost' which is not functionally dependent on columns in GROUP BY clause; this is incompatible with sql_mode=only_full_group_by
 MySQL  localhost:33060+ ssl  setup  SQL > 
 MySQL  localhost:33060+ ssl  setup  SQL > WITH Prices AS (     SELECT price * copies + shcost, did     FROM MakeOrder     NATURAL JOIN Orders ) SELECT * FROM Prices;
+-------------------------+-----+
| price * copies + shcost | did |
+-------------------------+-----+
|       5329.909872055054 |   1 |
|      11657.009901046753 |   5 |
|      3224.7801837921143 |   3 |
|       15658.28957271576 |   8 |
|       34112.98903846741 |   7 |
|      2420.7400455474854 |  10 |
|      10969.109701156616 |   4 |
|      13507.609896659851 |   1 |
|       21551.58941268921 |   2 |
|      2696.7899770736694 |   3 |
|       5742.510046005249 |   4 |
|       7916.710149765015 |   6 |
|       9886.089916229248 |   3 |
+-------------------------+-----+
13 rows in set (0.0010 sec)
 MySQL  localhost:33060+ ssl  setup  SQL > 
 MySQL  localhost:33060+ ssl  setup  SQL > WITH Prices AS (     SELECT price * copies + shcost AS price, did     FROM MakeOrder     NATURAL JOIN Orders ) SELECT SUM(price), did FROM Prices;
ERROR: 1140: In aggregated query without GROUP BY, expression #2 of SELECT list contains nonaggregated column 'Prices.did'; this is incompatible with sql_mode=only_full_group_by
 MySQL  localhost:33060+ ssl  setup  SQL > WITH Prices AS (     SELECT price * copies + shcost AS price, did     FROM MakeOrder     NATURAL JOIN Orders ) SELECT SUM(price), did FROM Prices GROUP BY did;
+--------------------+-----+
| SUM(price)         | did |
+--------------------+-----+
| 18837.519768714905 |   1 |
| 11657.009901046753 |   5 |
| 15807.660077095032 |   3 |
|  15658.28957271576 |   8 |
|  34112.98903846741 |   7 |
| 2420.7400455474854 |  10 |
| 16711.619747161865 |   4 |
|  21551.58941268921 |   2 |
|  7916.710149765015 |   6 |
+--------------------+-----+
9 rows in set (0.0014 sec)
 MySQL  localhost:33060+ ssl  setup  SQL > 
 MySQL  localhost:33060+ ssl  setup  SQL > 
 MySQL  localhost:33060+ ssl  setup  SQL > WITH Prices AS (
                                        ->     SELECT did, ROUND(price * copies + shcost, 2) AS price
                                        ->     FROM MakeOrder
                                        ->     NATURAL JOIN Orders
                                        -> )
                                        -> SELECT did, SUM(price)
                                        -> FROM Prices
                                        -> GROUP BY did
                                        -> ORDER BY did ASC;
+-----+--------------------+
| did | SUM(price)         |
+-----+--------------------+
|   1 |           18837.52 |
|   2 |           21551.59 |
|   3 |           15807.66 |
|   4 | 16711.620000000003 |
|   5 |           11657.01 |
|   6 |            7916.71 |
|   7 |           34112.99 |
|   8 |           15658.29 |
|  10 |            2420.74 |
+-----+--------------------+
9 rows in set (0.0012 sec)
 MySQL  localhost:33060+ ssl  setup  SQL > WITH Prices AS (
                                        ->     SELECT did, ROUND(price * copies + shcost, 2) AS price, MONTHNAME(odate) AS Month, YEAR(odate) AS Year
                                        ->     FROM MakeOrder
                                        ->     NATURAL JOIN Orders
                                        -> )
                                        -> SELECT did, Month, Year  SUM(price) AS Cost
                                        -> FROM Prices
                                        -> GROUP BY did, Month, Year
                                        -> ORDER BY did;
ERROR: 1064: You have an error in your SQL syntax; check the manual that corresponds to your MySQL server version for the right syntax to use near 'SUM(price) AS Cost
FROM Prices
GROUP BY did, Month, Year
ORDER BY did' at line 6
 MySQL  localhost:33060+ ssl  setup  SQL > 
 MySQL  localhost:33060+ ssl  setup  SQL > WITH Prices AS (
                                        ->     SELECT did, ROUND(price * copies + shcost, 2) AS price, MONTHNAME(odate) AS Month, YEAR(odate) AS Year
                                        ->     FROM MakeOrder
                                        ->     NATURAL JOIN Orders
                                        -> )
                                        -> SELECT did, Month, Year,  SUM(price) AS Cost
                                        -> FROM Prices
                                        -> GROUP BY did, Month, Year
                                        -> ORDER BY did;
+-----+-----------+------+----------+
| did | Month     | Year | Cost     |
+-----+-----------+------+----------+
|   1 | August    | 2019 |  5329.91 |
|   1 | October   | 2017 | 13507.61 |
|   2 | February  | 2018 | 21551.59 |
|   3 | September | 2018 | 15807.66 |
|   4 | December  | 2019 |  5742.51 |
|   4 | March     | 2018 | 10969.11 |
|   5 | November  | 2017 | 11657.01 |
|   6 | August    | 2019 |  7916.71 |
|   7 | June      | 2019 | 34112.99 |
|   8 | January   | 2018 | 15658.29 |
|  10 | January   | 2020 |  2420.74 |
+-----+-----------+------+----------+
11 rows in set (0.0014 sec)
 MySQL  localhost:33060+ ssl  setup  SQL > 
 MySQL  localhost:33060+ ssl  setup  SQL > WITH Prices AS (
                                        ->     SELECT ROUND(price * copies + shcost, 2) AS price
                                        ->     NATURAL JOIN Orders
                                        -> )
                                        -> SELECT SUM(price) AS Cost
                                        -> FROM Prices;
ERROR: 1064: You have an error in your SQL syntax; check the manual that corresponds to your MySQL server version for the right syntax to use near 'NATURAL JOIN Orders
)
SELECT SUM(price) AS Cost
FROM Prices' at line 3
 MySQL  localhost:33060+ ssl  setup  SQL > WITH Prices AS (
                                        ->     SELECT ROUND(price * copies + shcost, 2) AS price
                                        ->     FROM Orders
                                        -> )
                                        -> SELECT SUM(price) AS Cost
                                        -> FROM Prices;
+--------------------+
| Cost               |
+--------------------+
| 144674.12999999998 |
+--------------------+
1 row in set (0.0010 sec)
 MySQL  localhost:33060+ ssl  setup  SQL > WITH Prices AS (
                                        ->     SELECT ROUND(price * copies + shcost, 2) AS price
                                        ->     FROM Orders
                                        -> )
                                        -> SELECT ROUND(SUM(price), 2) AS Cost
                                        -> FROM Prices;
+-----------+
| Cost      |
+-----------+
| 144674.13 |
+-----------+
1 row in set (0.0008 sec)
 MySQL  localhost:33060+ ssl  setup  SQL > 
 MySQL  localhost:33060+ ssl  setup  SQL > 
 MySQL  localhost:33060+ ssl  setup  SQL > WITH Prices AS (
                                        ->     SELECT ROUND(price * copies + shcost, 2) AS price
                                        ->     FROM Orders
                                        -> )
                                        -> SELECT ROUND(SUM(price), 2) AS Revenue
                                        -> FROM Prices;
+-----------+
| Revenue   |
+-----------+
| 144674.13 |
+-----------+
1 row in set (0.0009 sec)
 MySQL  localhost:33060+ ssl  setup  SQL > WITH ShippingCosts AS (
                                        ->     SELECT shcost
                                        ->     FROM Orders
                                        -> ),
                                        -> ConstantSalaries AS (
                                        ->     SELECT pay
                                        ->     FROM Staff
                                        ->     WHERE periodicity = -1
                                        -> ),
                                        -> PeriodicSalaries AS (
                                        ->     SELECT pay * (DATEDIFF(NOW(), sdate) / periodicity) AS TotalSalary
                                        ->     FROM Staff
                                        ->     WHERE periodicity <> -1
                                        -> )
                                        -> SELECT SUM(*) AS TotalCosts
                                        -> FROM (
                                        ->     (
                                        ->         SELECT shcost AS cost
                                        ->         FROM ShippingCosts
                                        ->     ) UNION ALL (
                                        ->         SELECT pay AS cost
                                        ->         FROM ConstantSalaries
                                        ->     ) UNION ALL (
                                        ->         SELECT TotalSalary as cost
                                        ->         FROM PeriodicSalaries
                                        ->     )
                                        -> );  
ERROR: 1064: You have an error in your SQL syntax; check the manual that corresponds to your MySQL server version for the right syntax to use near '*) AS TotalCosts
FROM (
    (
        SELECT shcost AS cost
        FROM Shippin' at line 15
 MySQL  localhost:33060+ ssl  setup  SQL > WITH ShippingCosts AS (
                                        ->     SELECT shcost
                                        ->     FROM Orders
                                        -> ),
                                        -> ConstantSalaries AS (
                                        ->     SELECT pay
                                        ->     FROM Staff
                                        ->     WHERE periodicity = -1
                                        -> ),
                                        -> PeriodicSalaries AS (
                                        ->     SELECT pay * (DATEDIFF(NOW(), sdate) / periodicity) AS TotalSalary
                                        ->     FROM Staff
                                        ->     WHERE periodicity <> -1
                                        -> )
                                        -> SELECT SUM(*) AS TotalCosts
                                        -> FROM (
                                        ->         SELECT shcost AS cost
                                        ->         FROM ShippingCosts
                                        ->     UNION ALL (
                                        ->         SELECT pay AS cost
                                        ->         FROM ConstantSalaries
                                        ->     ) UNION ALL (
                                        ->         SELECT TotalSalary as cost
                                        ->         FROM PeriodicSalaries
                                        ->     )
                                        -> );  
ERROR: 1064: You have an error in your SQL syntax; check the manual that corresponds to your MySQL server version for the right syntax to use near '*) AS TotalCosts
FROM (
        SELECT shcost AS cost
        FROM ShippingCosts' at line 15
 MySQL  localhost:33060+ ssl  setup  SQL > WITH ShippingCosts AS (
                                        ->     SELECT shcost
                                        ->     FROM Orders
                                        -> ),
                                        -> ConstantSalaries AS (
                                        ->     SELECT pay
                                        ->     FROM Staff
                                        ->     WHERE periodicity = -1
                                        -> ),
                                        -> PeriodicSalaries AS (
                                        ->     SELECT pay * (DATEDIFF(NOW(), sdate) / periodicity) AS TotalSalary
                                        ->     FROM Staff
                                        ->     WHERE periodicity <> -1
                                        -> )
                                        -> SELECT SUM(*) AS TotalCosts
                                        -> FROM
                                        ->     (
                                        ->         SELECT shcost AS cost
                                        ->         FROM ShippingCosts
                                        ->     ) UNION ALL (
                                        ->         SELECT pay AS cost
                                        ->         FROM ConstantSalaries
                                        ->     ) UNION ALL (
                                        ->         SELECT TotalSalary as cost
                                        ->         FROM PeriodicSalaries
                                        ->     )
                                        -> ;
ERROR: 1064: You have an error in your SQL syntax; check the manual that corresponds to your MySQL server version for the right syntax to use near '*) AS TotalCosts
FROM
    (
        SELECT shcost AS cost
        FROM ShippingC' at line 15
 MySQL  localhost:33060+ ssl  setup  SQL > WITH Costs AS (
                                        ->     SELECT shcost AS cost
                                        ->     FROM Orders
                                        -> ) UNION ALL (
                                        ->     SELECT pay AS cost
                                        ->     FROM Staff
                                        ->     WHERE periodicity = -1
                                        -> ),
                                        -> PeriodicSalaries AS (
                                        ->     SELECT pay * (DATEDIFF(NOW(), sdate) / periodicity) AS cost
                                        ->     FROM Staff
                                        ->     WHERE periodicity <> -1
                                        -> )
                                        -> SELECT SUM(*) AS TotalCosts
                                        -> FROM Costs;
ERROR: 1064: You have an error in your SQL syntax; check the manual that corresponds to your MySQL server version for the right syntax to use near 'UNION ALL (
    SELECT pay AS cost
    FROM Staff
    WHERE periodicity = -1
),
' at line 4
 MySQL  localhost:33060+ ssl  setup  SQL > WITH Costs AS (
                                        ->     SELECT shcost AS cost
                                        ->     FROM Orders
                                        -> ) UNION ALL (
                                        ->     SELECT pay AS cost
                                        ->     FROM Staff
                                        ->     WHERE periodicity = -1
                                        -> ) UNION ALL (
                                        ->     SELECT pay * (DATEDIFF(NOW(), sdate) / periodicity) AS cost
                                        ->     FROM Staff
                                        ->     WHERE periodicity <> -1
                                        -> )
                                        -> SELECT SUM(*) AS TotalCosts
                                        -> FROM Costs;
ERROR: 1064: You have an error in your SQL syntax; check the manual that corresponds to your MySQL server version for the right syntax to use near 'UNION ALL (
    SELECT pay AS cost
    FROM Staff
    WHERE periodicity = -1
) U' at line 4
 MySQL  localhost:33060+ ssl  setup  SQL > WITH Costs AS (
                                        ->     SELECT shcost AS cost
                                        ->     FROM Orders
                                        -> ) UNION ALL (
                                        ->     SELECT pay AS cost
                                        ->     FROM Staff
                                        ->     WHERE periodicity == -1
                                        -> ) UNION ALL (
                                        ->     SELECT pay * (DATEDIFF(NOW(), sdate) / periodicity) AS cost
                                        ->     FROM Staff
                                        ->     WHERE periodicity <> -1
                                        -> )
                                        -> SELECT SUM(*) AS TotalCosts
                                        -> FROM Costs;
ERROR: 1064: You have an error in your SQL syntax; check the manual that corresponds to your MySQL server version for the right syntax to use near 'UNION ALL (
    SELECT pay AS cost
    FROM Staff
    WHERE periodicity == -1
) ' at line 4
 MySQL  localhost:33060+ ssl  setup  SQL > WITH Costs AS ((
                                        ->     SELECT shcost AS cost
                                        ->     FROM Orders
                                        -> ) UNION ALL (
                                        ->     SELECT pay AS cost
                                        ->     FROM Staff
                                        ->     WHERE periodicity == -1
                                        -> ) UNION ALL (
                                        ->     SELECT pay * (DATEDIFF(NOW(), sdate) / periodicity) AS cost
                                        ->     FROM Staff
                                        ->     WHERE periodicity <> -1
                                        -> ))
                                        -> SELECT SUM(*) AS TotalCosts
                                        -> FROM Costs;
ERROR: 1064: You have an error in your SQL syntax; check the manual that corresponds to your MySQL server version for the right syntax to use near '== -1
) UNION ALL (
    SELECT pay * (DATEDIFF(NOW(), sdate) / periodicity) AS c' at line 7
 MySQL  localhost:33060+ ssl  setup  SQL > WITH Costs AS ((
                                        ->     SELECT shcost AS cost
                                        ->     FROM Orders
                                        -> ) UNION ALL (
                                        ->     SELECT pay AS cost
                                        ->     FROM Staff
                                        ->     WHERE periodicity = -1
                                        -> ) UNION ALL (
                                        ->     SELECT pay * (DATEDIFF(NOW(), sdate) / periodicity) AS cost
                                        ->     FROM Staff
                                        ->     WHERE periodicity <> -1
                                        -> ))
                                        -> SELECT SUM(*) AS TotalCosts
                                        -> FROM Costs;
ERROR: 1064: You have an error in your SQL syntax; check the manual that corresponds to your MySQL server version for the right syntax to use near '*) AS TotalCosts
FROM Costs' at line 13
 MySQL  localhost:33060+ ssl  setup  SQL > WITH Costs AS ((
                                        ->     SELECT shcost AS cost
                                        ->     FROM Orders
                                        -> ) UNION ALL (
                                        ->     SELECT pay AS cost
                                        ->     FROM Staff
                                        ->     WHERE periodicity = -1
                                        -> ) UNION ALL (
                                        ->     SELECT pay * (DATEDIFF(NOW(), sdate) / periodicity) AS cost
                                        ->     FROM Staff
                                        ->     WHERE periodicity <> -1
                                        -> ))
                                        -> SELECT SUM(*)
                                        -> FROM Costs;
ERROR: 1064: You have an error in your SQL syntax; check the manual that corresponds to your MySQL server version for the right syntax to use near '*)
FROM Costs' at line 13
 MySQL  localhost:33060+ ssl  setup  SQL > WITH Costs AS ((
                                        ->     SELECT shcost AS cost
                                        ->     FROM Orders
                                        -> ) UNION ALL (
                                        ->     SELECT pay AS cost
                                        ->     FROM Staff
                                        ->     WHERE periodicity = -1
                                        -> ) UNION ALL (
                                        ->     SELECT pay * (DATEDIFF(NOW(), sdate) / periodicity) AS cost
                                        ->     FROM Staff
                                        ->     WHERE periodicity <> -1
                                        -> ))
                                        -> SELECT SUM(cost)
                                        -> FROM Costs;
+--------------------+
| SUM(cost)          |
+--------------------+
| 305563.70857137034 |
+--------------------+
1 row in set (0.0018 sec)
 MySQL  localhost:33060+ ssl  setup  SQL > WITH Costs AS (
                                        ->     (
                                        ->         SELECT shcost AS cost
                                        ->         FROM Orders
                                        ->     ) UNION ALL (
                                        ->         SELECT pay AS cost
                                        ->         FROM Staff
                                        ->         WHERE periodicity = -1
                                        ->     ) UNION ALL (
                                        ->         SELECT pay * (DATEDIFF(NOW(), sdate) / periodicity) AS cost
                                        ->         FROM Staff
                                        ->         WHERE periodicity <> -1
                                        ->     )
                                        -> )
                                        -> SELECT ROUND(SUM(cost), 2) AS TotalCost
                                        -> FROM Costs;
+-----------+
| TotalCost |
+-----------+
| 305563.71 |
+-----------+
1 row in set (0.0012 sec)
 MySQL  localhost:33060+ ssl  setup  SQL > SELECT COUNT(*)
                                        -> FROM Distributors;
+----------+
| COUNT(*) |
+----------+
|       11 |
+----------+
1 row in set (0.0067 sec)
 MySQL  localhost:33060+ ssl  setup  SQL > desc orders;
+--------+-------+------+-----+---------+----------------+
| Field  | Type  | Null | Key | Default | Extra          |
+--------+-------+------+-----+---------+----------------+
| oid    | int   | NO   | PRI | NULL    | auto_increment |
| price  | float | NO   |     | NULL    |                |
| copies | int   | NO   |     | NULL    |                |
| shcost | float | NO   |     | NULL    |                |
| odate  | date  | NO   |     | NULL    |                |
+--------+-------+------+-----+---------+----------------+
5 rows in set (0.0044 sec)
 MySQL  localhost:33060+ ssl  setup  SQL > WITH Prices AS (
                                        ->     SELECT ROUND(price * copies + shcost, 2) AS price, city
                                        ->     FROM Orders
                                        ->     NATURAL JOIN MakeOrder
                                        ->     NATURAL JOIN Distributors
                                        -> )
                                        -> SELECT city, ROUND(SUM(price), 2) AS Revenue
                                        -> FROM Prices
                                        -> GROUP BY city;
+----------------+----------+
| city           | Revenue  |
+----------------+----------+
| Raleigh        | 40389.11 |
| Allen          | 16711.62 |
| North Bend     | 15807.66 |
| Upland         |  7916.71 |
| Knoxville      |  2420.74 |
| Leavenworth    | 15658.29 |
| New Kensington | 11657.01 |
| La Vergne      | 34112.99 |
+----------------+----------+
8 rows in set (0.0013 sec)
 MySQL  localhost:33060+ ssl  setup  SQL > WITH Prices AS (
                                        ->     SELECT ROUND(price * copies + shcost, 2) AS price, dname
                                        ->     FROM Orders
                                        ->     NATURAL JOIN MakeOrder
                                        ->     NATURAL JOIN Distributors
                                        -> )
                                        -> SELECT dname, ROUND(SUM(price), 2) AS Revenue
                                        -> FROM Prices
                                        -> GROUP BY dname;
+--------------------------+----------+
| dname                    | Revenue  |
+--------------------------+----------+
| Prezell Robinson Library | 18837.52 |
| Allen Public Library     | 16711.62 |
| Books By the Bay         | 15807.66 |
| Gem Guides Books         |  7916.71 |
| John C. Hodges Library   |  2420.74 |
| The Book Barn            | 15658.29 |
| Anchor Distributors      | 11657.01 |
| Ingram Book              | 34112.99 |
| Barnes & Noble           | 21551.59 |
+--------------------------+----------+
9 rows in set (0.0014 sec)
 MySQL  localhost:33060+ ssl  setup  SQL > WITH ConstantSalaries AS (
                                        ->     SELECT stype, pay
                                        ->     FROM Staff
                                        ->     WHERE periodicity = -1
                                        -> ),
                                        -> PeriodicSalaries AS (
                                        ->     SELECT stype, pay * ((NOW - sdate) / periodicity) AS pay
                                        ->     FROM Staff
                                        ->     WHERE periodicity <> -1
                                        -> )
                                        -> SELECT stype, SUM(pay)
                                        -> FROM (
                                        ->     SELECT *
                                        ->     FROM ConstantSalaries
                                        ->     UNION ALL
                                        ->     PeriodicSalaries
                                        -> )
                                        -> GROUP BY stype
                                        -> ;
ERROR: 1064: You have an error in your SQL syntax; check the manual that corresponds to your MySQL server version for the right syntax to use near 'PeriodicSalaries
)
GROUP BY stype' at line 16
 MySQL  localhost:33060+ ssl  setup  SQL > WITH ConstantSalaries AS (
                                        ->     SELECT stype, pay
                                        ->     FROM Staff
                                        ->     WHERE periodicity = -1
                                        -> ),
                                        -> PeriodicSalaries AS (
                                        ->     SELECT stype, pay * ((NOW - sdate) / periodicity) AS pay
                                        ->     FROM Staff
                                        ->     WHERE periodicity <> -1
                                        -> )
                                        -> SELECT stype, SUM(pay)
                                        -> FROM (
                                        ->     SELECT *
                                        ->     FROM ConstantSalaries
                                        -> ) UNION ALL (
                                        ->     SELECT *
                                        ->     FROM PeriodicSalaries
                                        -> )
                                        -> GROUP BY stype;
ERROR: 1248: Every derived table must have its own alias
 MySQL  localhost:33060+ ssl  setup  SQL > WITH ConstantSalaries AS (
                                        ->     SELECT stype, pay
                                        ->     FROM Staff
                                        ->     WHERE periodicity = -1
                                        -> ),
                                        -> PeriodicSalaries AS (
                                        ->     SELECT stype, pay * ((NOW - sdate) / periodicity) AS pay
                                        ->     FROM Staff
                                        ->     WHERE periodicity <> -1
                                        -> )
                                        -> SELECT stype, SUM(pay)
                                        -> FROM (
                                        ->     SELECT *
                                        ->     FROM ConstantSalaries
                                        -> ) UNION ALL (
                                        ->     SELECT *
                                        ->     FROM PeriodicSalaries
                                        -> ) tmp
                                        -> GROUP BY stype;
ERROR: 1248: Every derived table must have its own alias
 MySQL  localhost:33060+ ssl  setup  SQL > WITH ConstantSalaries AS (
                                        ->     SELECT stype, pay
                                        ->     FROM Staff
                                        ->     WHERE periodicity = -1
                                        -> ),
                                        -> PeriodicSalaries AS (
                                        ->     SELECT stype, pay * ((NOW - sdate) / periodicity) AS pay
                                        ->     FROM Staff
                                        ->     WHERE periodicity <> -1
                                        -> )
                                        -> SELECT stype, SUM(pay)
                                        -> FROM tmp AS (
                                        ->     SELECT *
                                        ->     FROM ConstantSalaries
                                        -> ) UNION ALL (
                                        ->     SELECT *
                                        ->     FROM PeriodicSalaries
                                        -> )
                                        -> GROUP BY stype;
ERROR: 1064: You have an error in your SQL syntax; check the manual that corresponds to your MySQL server version for the right syntax to use near '(
    SELECT *
    FROM ConstantSalaries
) UNION ALL (
    SELECT *
    FROM Per' at line 12
 MySQL  localhost:33060+ ssl  setup  SQL > WITH ConstantSalaries AS (
                                        ->     SELECT stype, pay
                                        ->     FROM Staff
                                        ->     WHERE periodicity = -1
                                        -> ),
                                        -> PeriodicSalaries AS (
                                        ->     SELECT stype, pay * ((NOW - sdate) / periodicity) AS pay
                                        ->     FROM Staff
                                        ->     WHERE periodicity <> -1
                                        -> )
                                        -> SELECT stype, SUM(pay)
                                        -> FROM ((
                                        ->     SELECT *
                                        ->     FROM ConstantSalaries
                                        -> ) UNION ALL (
                                        ->     SELECT *
                                        ->     FROM PeriodicSalaries
                                        -> )
                                        -> )
                                        -> GROUP BY stype;
ERROR: 1248: Every derived table must have its own alias
 MySQL  localhost:33060+ ssl  setup  SQL > WITH ConstantSalaries AS (
                                        ->     SELECT stype, pay
                                        ->     FROM Staff
                                        ->     WHERE periodicity = -1
                                        -> ),
                                        -> PeriodicSalaries AS (
                                        ->     SELECT stype, pay * ((NOW - sdate) / periodicity) AS pay
                                        ->     FROM Staff
                                        ->     WHERE periodicity <> -1
                                        -> )
                                        -> SELECT stype, SUM(pay)
                                        -> FROM ((
                                        ->     SELECT *
                                        ->     FROM ConstantSalaries
                                        -> ) UNION ALL (
                                        ->     SELECT *
                                        ->     FROM PeriodicSalaries
                                        -> )
                                        -> ) AS T
                                        -> GROUP BY stype;
ERROR: 1054: Unknown column 'NOW' in 'field list'
 MySQL  localhost:33060+ ssl  setup  SQL > WITH ConstantSalaries AS (
                                        ->     SELECT stype, pay
                                        ->     FROM Staff
                                        ->     WHERE periodicity = -1
                                        -> ),
                                        -> PeriodicSalaries AS (
                                        ->     SELECT stype, pay * (DATEDIFF(NOW(), sdate) / periodicity) AS pay
                                        ->     FROM Staff
                                        ->     WHERE periodicity <> -1
                                        -> )
                                        -> SELECT stype, SUM(pay)
                                        -> FROM ((
                                        ->     SELECT *
                                        ->     FROM ConstantSalaries
                                        -> ) UNION ALL (
                                        ->     SELECT *
                                        ->     FROM PeriodicSalaries
                                        -> )
                                        -> ) AS T
                                        -> GROUP BY stype;
+--------+--------------------+
| stype  | SUM(pay)           |
+--------+--------------------+
| author |    201661.78571311 |
| editor | 103641.14285662002 |
+--------+--------------------+
2 rows in set (0.0013 sec)
 MySQL  localhost:33060+ ssl  setup  SQL > WITH ConstantSalaries AS (
                                        ->     SELECT stype, pay
                                        ->     FROM Staff
                                        ->     WHERE periodicity = -1
                                        -> ),
                                        -> PeriodicSalaries AS (
                                        ->     SELECT stype, pay * (DATEDIFF(NOW(), sdate) / periodicity) AS pay
                                        ->     FROM Staff
                                        ->     WHERE periodicity <> -1
                                        -> )
                                        -> SELECT stype, SUM(pay)
                                        -> FROM ((
                                        ->     SELECT *
                                        ->     FROM ConstantSalaries
                                        -> ) UNION ALL (
                                        ->     SELECT *
                                        ->     FROM PeriodicSalaries
                                        -> )
                                        -> ) 
                                        -> GROUP BY stype;
ERROR: 1248: Every derived table must have its own alias
 MySQL  localhost:33060+ ssl  setup  SQL > WITH ConstantSalaries AS (
                                        ->     SELECT stype, pay
                                        ->     FROM Staff
                                        ->     WHERE periodicity = -1
                                        -> ),
                                        -> PeriodicSalaries AS (
                                        ->     SELECT stype, pay * (DATEDIFF(NOW(), sdate) / periodicity) AS pay
                                        ->     FROM Staff
                                        ->     WHERE periodicity <> -1
                                        -> )
                                        -> SELECT stype, SUM(pay)
                                        -> FROM (
                                        ->     (
                                        ->         SELECT *
                                        ->         FROM ConstantSalaries
                                        ->     ) UNION ALL (
                                        ->         SELECT *
                                        ->         FROM PeriodicSalaries
                                        ->     )
                                        -> ) AS T
                                        -> GROUP BY stype;
+--------+--------------------+
| stype  | SUM(pay)           |
+--------+--------------------+
| author |    201661.78571311 |
| editor | 103641.14285662002 |
+--------+--------------------+
2 rows in set (0.0013 sec)